Archive member included to satisfy reference by file (symbol)

c:/program files (x86)/atmel/studio/7.0/toolchain/avr8/avr8-gnu-toolchain/bin/../lib/gcc/avr/5.4.0/avr5\libgcc.a(_exit.o)
                              C:/Program Files (x86)/Atmel/Studio/7.0/Packs/atmel/ATmega_DFP/1.3.300/gcc/dev/atmega328p/avr5/crtatmega328p.o (exit)
c:/program files (x86)/atmel/studio/7.0/toolchain/avr8/avr8-gnu-toolchain/bin/../lib/gcc/avr/5.4.0/avr5\libgcc.a(_copy_data.o)
                              cgrf.o (__do_copy_data)
c:/program files (x86)/atmel/studio/7.0/toolchain/avr8/avr8-gnu-toolchain/bin/../lib/gcc/avr/5.4.0/avr5\libgcc.a(_clear_bss.o)
                              cgrf.o (__do_clear_bss)
c:/program files (x86)/atmel/studio/7.0/toolchain/avr8/avr8-gnu-toolchain/bin/../lib/gcc/avr/5.4.0/../../../../avr/lib/avr5\libc.a(memcmp.o)
                              cgrf.o (memcmp)

Discarded input sections

 .data          0x00000000        0x0 C:/Program Files (x86)/Atmel/Studio/7.0/Packs/atmel/ATmega_DFP/1.3.300/gcc/dev/atmega328p/avr5/crtatmega328p.o
 .bss           0x00000000        0x0 C:/Program Files (x86)/Atmel/Studio/7.0/Packs/atmel/ATmega_DFP/1.3.300/gcc/dev/atmega328p/avr5/crtatmega328p.o
 .text          0x00000000        0x0 cgoled.o
 .data          0x00000000        0x0 cgoled.o
 .bss           0x00000000        0x0 cgoled.o
 .text.oled_graphics_mode
                0x00000000        0x8 cgoled.o
 .text.get_cgram_address
                0x00000000       0x22 cgoled.o
 .text.oled_set_character
                0x00000000       0x38 cgoled.o
 .text.get_gxa_address
                0x00000000       0x12 cgoled.o
 .text.oled_set_coordinates
                0x00000000       0x20 cgoled.o
 .text.oled_blank
                0x00000000       0x2e cgoled.o
 .text.oled_write_pixels_at
                0x00000000       0x12 cgoled.o
 .text.get_gya_address
                0x00000000        0xc cgoled.o
 .text          0x00000000        0x0 cgrf.o
 .data          0x00000000        0x0 cgrf.o
 .bss           0x00000000        0x0 cgrf.o
 .text.cgrf_check_acknowledgment
                0x00000000       0x30 cgrf.o
 .text.cgrf_transmit_data
                0x00000000       0x1e cgrf.o
 .text.cgrf_retransmit
                0x00000000       0x1a cgrf.o
 .text.cgrf_set_acknowledgment
                0x00000000       0x16 cgrf.o
 .text.cgrf_set_length
                0x00000000       0x4a cgrf.o
 .text.cgrf_set_crc_encoding
                0x00000000       0x1a cgrf.o
 .text.cgrf_set_channel
                0x00000000       0x16 cgrf.o
 .text.cgrf_set_data_rate
                0x00000000       0x12 cgrf.o
 .text.cgrf_set_output_power
                0x00000000       0x12 cgrf.o
 .text.set_tx_address
                0x00000000        0xa cgrf.o
 .text.set_pipe0_address
                0x00000000        0xa cgrf.o
 .text.cgrf_set_tx_address
                0x00000000       0x34 cgrf.o
 .text.cgrf_start_as_transmitter
                0x00000000       0x6c cgrf.o
 .data.m_pipe0_address
                0x00000000        0x5 cgrf.o
 .data.m_tx_address
                0x00000000        0x5 cgrf.o
 .text          0x00000000        0x0 display.o
 .data          0x00000000        0x0 display.o
 .bss           0x00000000        0x0 display.o
 .text.config_graphical_display
                0x00000000       0x1c display.o
 .rodata        0x00000000       0x10 display.o
 .text.display_hex
                0x00000000       0x7c display.o
 .text          0x00000000        0x0 led.o
 .data          0x00000000        0x0 led.o
 .bss           0x00000000        0x0 led.o
 .text          0x00000000        0x0 main.o
 .data          0x00000000        0x0 main.o
 .bss           0x00000000        0x0 main.o
 .text.config_transmit
                0x00000000       0x22 main.o
 .text.increment_data
                0x00000000       0x1c main.o
 .text.run_transmit
                0x00000000       0x88 main.o
 .text.display_register
                0x00000000       0x2c main.o
 .text.display_address
                0x00000000       0x26 main.o
 .text.display_registers
                0x00000000      0x1f0 main.o
 .text          0x00000000        0x0 nrf24l01.o
 .data          0x00000000        0x0 nrf24l01.o
 .bss           0x00000000        0x0 nrf24l01.o
 .text.nrf24_retransmit
                0x00000000       0x1e nrf24l01.o
 .text.nrf24_set_observe_tx
                0x00000000        0xa nrf24l01.o
 .text.nrf24_set_fifo_status
                0x00000000        0xa nrf24l01.o
 .text.nrf24_transmit_data
                0x00000000       0x3e nrf24l01.o
 .text.nrf24_set_tx_address
                0x00000000        0xc nrf24l01.o
 .text.nrf24_set_rx_address_pipe0
                0x00000000        0xc nrf24l01.o
 .text.nrf24_get_config
                0x00000000        0xc nrf24l01.o
 .text.nrf24_get_en_aa
                0x00000000        0xc nrf24l01.o
 .text.nrf24_get_en_rxaddr
                0x00000000        0xc nrf24l01.o
 .text.nrf24_get_setup_aw
                0x00000000        0xc nrf24l01.o
 .text.nrf24_get_setup_retr
                0x00000000        0xc nrf24l01.o
 .text.nrf24_get_rf_ch
                0x00000000        0xc nrf24l01.o
 .text.nrf24_get_rf_setup
                0x00000000        0xc nrf24l01.o
 .text.nrf24_get_observe_tx
                0x00000000        0xc nrf24l01.o
 .text.nrf24_get_rx_pw_p0
                0x00000000        0xc nrf24l01.o
 .text.nrf24_get_rx_pw_p1
                0x00000000        0xc nrf24l01.o
 .text.nrf24_get_rx_pw_p2
                0x00000000        0xc nrf24l01.o
 .text.nrf24_get_rx_pw_p3
                0x00000000        0xc nrf24l01.o
 .text.nrf24_get_rx_pw_p4
                0x00000000        0xc nrf24l01.o
 .text.nrf24_get_rx_pw_p5
                0x00000000        0xc nrf24l01.o
 .text.nrf24_get_fifo_status
                0x00000000        0xc nrf24l01.o
 .text.nrf24_get_dynpd
                0x00000000        0xc nrf24l01.o
 .text.nrf24_get_feature
                0x00000000        0xc nrf24l01.o
 .text.nrf24_get_tx_address
                0x00000000        0xc nrf24l01.o
 .text.nrf24_get_rx_address_pipe0
                0x00000000        0xc nrf24l01.o
 .text.nrf24_get_rx_address_pipe1
                0x00000000        0xc nrf24l01.o
 .text          0x00000000        0x0 c:/program files (x86)/atmel/studio/7.0/toolchain/avr8/avr8-gnu-toolchain/bin/../lib/gcc/avr/5.4.0/avr5\libgcc.a(_exit.o)
 .data          0x00000000        0x0 c:/program files (x86)/atmel/studio/7.0/toolchain/avr8/avr8-gnu-toolchain/bin/../lib/gcc/avr/5.4.0/avr5\libgcc.a(_exit.o)
 .bss           0x00000000        0x0 c:/program files (x86)/atmel/studio/7.0/toolchain/avr8/avr8-gnu-toolchain/bin/../lib/gcc/avr/5.4.0/avr5\libgcc.a(_exit.o)
 .text.libgcc.mul
                0x00000000        0x0 c:/program files (x86)/atmel/studio/7.0/toolchain/avr8/avr8-gnu-toolchain/bin/../lib/gcc/avr/5.4.0/avr5\libgcc.a(_exit.o)
 .text.libgcc.div
                0x00000000        0x0 c:/program files (x86)/atmel/studio/7.0/toolchain/avr8/avr8-gnu-toolchain/bin/../lib/gcc/avr/5.4.0/avr5\libgcc.a(_exit.o)
 .text.libgcc   0x00000000        0x0 c:/program files (x86)/atmel/studio/7.0/toolchain/avr8/avr8-gnu-toolchain/bin/../lib/gcc/avr/5.4.0/avr5\libgcc.a(_exit.o)
 .text.libgcc.prologue
                0x00000000        0x0 c:/program files (x86)/atmel/studio/7.0/toolchain/avr8/avr8-gnu-toolchain/bin/../lib/gcc/avr/5.4.0/avr5\libgcc.a(_exit.o)
 .text.libgcc.builtins
                0x00000000        0x0 c:/program files (x86)/atmel/studio/7.0/toolchain/avr8/avr8-gnu-toolchain/bin/../lib/gcc/avr/5.4.0/avr5\libgcc.a(_exit.o)
 .text.libgcc.fmul
                0x00000000        0x0 c:/program files (x86)/atmel/studio/7.0/toolchain/avr8/avr8-gnu-toolchain/bin/../lib/gcc/avr/5.4.0/avr5\libgcc.a(_exit.o)
 .text.libgcc.fixed
                0x00000000        0x0 c:/program files (x86)/atmel/studio/7.0/toolchain/avr8/avr8-gnu-toolchain/bin/../lib/gcc/avr/5.4.0/avr5\libgcc.a(_exit.o)
 .text          0x00000000        0x0 c:/program files (x86)/atmel/studio/7.0/toolchain/avr8/avr8-gnu-toolchain/bin/../lib/gcc/avr/5.4.0/avr5\libgcc.a(_copy_data.o)
 .data          0x00000000        0x0 c:/program files (x86)/atmel/studio/7.0/toolchain/avr8/avr8-gnu-toolchain/bin/../lib/gcc/avr/5.4.0/avr5\libgcc.a(_copy_data.o)
 .bss           0x00000000        0x0 c:/program files (x86)/atmel/studio/7.0/toolchain/avr8/avr8-gnu-toolchain/bin/../lib/gcc/avr/5.4.0/avr5\libgcc.a(_copy_data.o)
 .text.libgcc.mul
                0x00000000        0x0 c:/program files (x86)/atmel/studio/7.0/toolchain/avr8/avr8-gnu-toolchain/bin/../lib/gcc/avr/5.4.0/avr5\libgcc.a(_copy_data.o)
 .text.libgcc.div
                0x00000000        0x0 c:/program files (x86)/atmel/studio/7.0/toolchain/avr8/avr8-gnu-toolchain/bin/../lib/gcc/avr/5.4.0/avr5\libgcc.a(_copy_data.o)
 .text.libgcc   0x00000000        0x0 c:/program files (x86)/atmel/studio/7.0/toolchain/avr8/avr8-gnu-toolchain/bin/../lib/gcc/avr/5.4.0/avr5\libgcc.a(_copy_data.o)
 .text.libgcc.prologue
                0x00000000        0x0 c:/program files (x86)/atmel/studio/7.0/toolchain/avr8/avr8-gnu-toolchain/bin/../lib/gcc/avr/5.4.0/avr5\libgcc.a(_copy_data.o)
 .text.libgcc.builtins
                0x00000000        0x0 c:/program files (x86)/atmel/studio/7.0/toolchain/avr8/avr8-gnu-toolchain/bin/../lib/gcc/avr/5.4.0/avr5\libgcc.a(_copy_data.o)
 .text.libgcc.fmul
                0x00000000        0x0 c:/program files (x86)/atmel/studio/7.0/toolchain/avr8/avr8-gnu-toolchain/bin/../lib/gcc/avr/5.4.0/avr5\libgcc.a(_copy_data.o)
 .text.libgcc.fixed
                0x00000000        0x0 c:/program files (x86)/atmel/studio/7.0/toolchain/avr8/avr8-gnu-toolchain/bin/../lib/gcc/avr/5.4.0/avr5\libgcc.a(_copy_data.o)
 .text          0x00000000        0x0 c:/program files (x86)/atmel/studio/7.0/toolchain/avr8/avr8-gnu-toolchain/bin/../lib/gcc/avr/5.4.0/avr5\libgcc.a(_clear_bss.o)
 .data          0x00000000        0x0 c:/program files (x86)/atmel/studio/7.0/toolchain/avr8/avr8-gnu-toolchain/bin/../lib/gcc/avr/5.4.0/avr5\libgcc.a(_clear_bss.o)
 .bss           0x00000000        0x0 c:/program files (x86)/atmel/studio/7.0/toolchain/avr8/avr8-gnu-toolchain/bin/../lib/gcc/avr/5.4.0/avr5\libgcc.a(_clear_bss.o)
 .text.libgcc.mul
                0x00000000        0x0 c:/program files (x86)/atmel/studio/7.0/toolchain/avr8/avr8-gnu-toolchain/bin/../lib/gcc/avr/5.4.0/avr5\libgcc.a(_clear_bss.o)
 .text.libgcc.div
                0x00000000        0x0 c:/program files (x86)/atmel/studio/7.0/toolchain/avr8/avr8-gnu-toolchain/bin/../lib/gcc/avr/5.4.0/avr5\libgcc.a(_clear_bss.o)
 .text.libgcc   0x00000000        0x0 c:/program files (x86)/atmel/studio/7.0/toolchain/avr8/avr8-gnu-toolchain/bin/../lib/gcc/avr/5.4.0/avr5\libgcc.a(_clear_bss.o)
 .text.libgcc.prologue
                0x00000000        0x0 c:/program files (x86)/atmel/studio/7.0/toolchain/avr8/avr8-gnu-toolchain/bin/../lib/gcc/avr/5.4.0/avr5\libgcc.a(_clear_bss.o)
 .text.libgcc.builtins
                0x00000000        0x0 c:/program files (x86)/atmel/studio/7.0/toolchain/avr8/avr8-gnu-toolchain/bin/../lib/gcc/avr/5.4.0/avr5\libgcc.a(_clear_bss.o)
 .text.libgcc.fmul
                0x00000000        0x0 c:/program files (x86)/atmel/studio/7.0/toolchain/avr8/avr8-gnu-toolchain/bin/../lib/gcc/avr/5.4.0/avr5\libgcc.a(_clear_bss.o)
 .text.libgcc.fixed
                0x00000000        0x0 c:/program files (x86)/atmel/studio/7.0/toolchain/avr8/avr8-gnu-toolchain/bin/../lib/gcc/avr/5.4.0/avr5\libgcc.a(_clear_bss.o)
 .text          0x00000000        0x0 c:/program files (x86)/atmel/studio/7.0/toolchain/avr8/avr8-gnu-toolchain/bin/../lib/gcc/avr/5.4.0/../../../../avr/lib/avr5\libc.a(memcmp.o)
 .data          0x00000000        0x0 c:/program files (x86)/atmel/studio/7.0/toolchain/avr8/avr8-gnu-toolchain/bin/../lib/gcc/avr/5.4.0/../../../../avr/lib/avr5\libc.a(memcmp.o)
 .bss           0x00000000        0x0 c:/program files (x86)/atmel/studio/7.0/toolchain/avr8/avr8-gnu-toolchain/bin/../lib/gcc/avr/5.4.0/../../../../avr/lib/avr5\libc.a(memcmp.o)
 .text.avr-libc
                0x00000000       0x1a c:/program files (x86)/atmel/studio/7.0/toolchain/avr8/avr8-gnu-toolchain/bin/../lib/gcc/avr/5.4.0/../../../../avr/lib/avr5\libc.a(memcmp.o)

Memory Configuration

Name             Origin             Length             Attributes
text             0x00000000         0x00020000         xr
data             0x00800060         0x0000ffa0         rw !x
eeprom           0x00810000         0x00010000         rw !x
fuse             0x00820000         0x00000003         rw !x
lock             0x00830000         0x00000400         rw !x
signature        0x00840000         0x00000400         rw !x
user_signatures  0x00850000         0x00000400         rw !x
*default*        0x00000000         0xffffffff

Linker script and memory map

Address of section .data set to 0x800100
LOAD C:/Program Files (x86)/Atmel/Studio/7.0/Packs/atmel/ATmega_DFP/1.3.300/gcc/dev/atmega328p/avr5/crtatmega328p.o
LOAD cgoled.o
LOAD cgrf.o
LOAD display.o
LOAD led.o
LOAD main.o
LOAD nrf24l01.o
START GROUP
LOAD c:/program files (x86)/atmel/studio/7.0/toolchain/avr8/avr8-gnu-toolchain/bin/../lib/gcc/avr/5.4.0/../../../../avr/lib/avr5\libm.a
END GROUP
START GROUP
LOAD c:/program files (x86)/atmel/studio/7.0/toolchain/avr8/avr8-gnu-toolchain/bin/../lib/gcc/avr/5.4.0/avr5\libgcc.a
LOAD c:/program files (x86)/atmel/studio/7.0/toolchain/avr8/avr8-gnu-toolchain/bin/../lib/gcc/avr/5.4.0/../../../../avr/lib/avr5\libm.a
LOAD c:/program files (x86)/atmel/studio/7.0/toolchain/avr8/avr8-gnu-toolchain/bin/../lib/gcc/avr/5.4.0/../../../../avr/lib/avr5\libc.a
LOAD C:/Program Files (x86)/Atmel/Studio/7.0/Packs/atmel/ATmega_DFP/1.3.300/gcc/dev/atmega328p/avr5\libatmega328p.a
END GROUP
                0x00000000                __TEXT_REGION_ORIGIN__ = DEFINED (__TEXT_REGION_ORIGIN__)?__TEXT_REGION_ORIGIN__:0x0
                0x00800060                __DATA_REGION_ORIGIN__ = DEFINED (__DATA_REGION_ORIGIN__)?__DATA_REGION_ORIGIN__:0x800060
                0x00020000                __TEXT_REGION_LENGTH__ = DEFINED (__TEXT_REGION_LENGTH__)?__TEXT_REGION_LENGTH__:0x20000
                0x0000ffa0                __DATA_REGION_LENGTH__ = DEFINED (__DATA_REGION_LENGTH__)?__DATA_REGION_LENGTH__:0xffa0
                0x00010000                __EEPROM_REGION_LENGTH__ = DEFINED (__EEPROM_REGION_LENGTH__)?__EEPROM_REGION_LENGTH__:0x10000
                [0x00000003]                __FUSE_REGION_LENGTH__ = DEFINED (__FUSE_REGION_LENGTH__)?__FUSE_REGION_LENGTH__:0x400
                0x00000400                __LOCK_REGION_LENGTH__ = DEFINED (__LOCK_REGION_LENGTH__)?__LOCK_REGION_LENGTH__:0x400
                0x00000400                __SIGNATURE_REGION_LENGTH__ = DEFINED (__SIGNATURE_REGION_LENGTH__)?__SIGNATURE_REGION_LENGTH__:0x400
                0x00000400                __USER_SIGNATURE_REGION_LENGTH__ = DEFINED (__USER_SIGNATURE_REGION_LENGTH__)?__USER_SIGNATURE_REGION_LENGTH__:0x400

.hash
 *(.hash)

.dynsym
 *(.dynsym)

.dynstr
 *(.dynstr)

.gnu.version
 *(.gnu.version)

.gnu.version_d
 *(.gnu.version_d)

.gnu.version_r
 *(.gnu.version_r)

.rel.init
 *(.rel.init)

.rela.init
 *(.rela.init)

.rel.text
 *(.rel.text)
 *(.rel.text.*)
 *(.rel.gnu.linkonce.t*)

.rela.text
 *(.rela.text)
 *(.rela.text.*)
 *(.rela.gnu.linkonce.t*)

.rel.fini
 *(.rel.fini)

.rela.fini
 *(.rela.fini)

.rel.rodata
 *(.rel.rodata)
 *(.rel.rodata.*)
 *(.rel.gnu.linkonce.r*)

.rela.rodata
 *(.rela.rodata)
 *(.rela.rodata.*)
 *(.rela.gnu.linkonce.r*)

.rel.data
 *(.rel.data)
 *(.rel.data.*)
 *(.rel.gnu.linkonce.d*)

.rela.data
 *(.rela.data)
 *(.rela.data.*)
 *(.rela.gnu.linkonce.d*)

.rel.ctors
 *(.rel.ctors)

.rela.ctors
 *(.rela.ctors)

.rel.dtors
 *(.rel.dtors)

.rela.dtors
 *(.rela.dtors)

.rel.got
 *(.rel.got)

.rela.got
 *(.rela.got)

.rel.bss
 *(.rel.bss)

.rela.bss
 *(.rela.bss)

.rel.plt
 *(.rel.plt)

.rela.plt
 *(.rela.plt)

.text           0x00000000      0x900
 *(.vectors)
 .vectors       0x00000000       0x68 C:/Program Files (x86)/Atmel/Studio/7.0/Packs/atmel/ATmega_DFP/1.3.300/gcc/dev/atmega328p/avr5/crtatmega328p.o
                0x00000000                __vector_default
                0x00000000                __vectors
 *(.vectors)
 *(.progmem.gcc*)
                0x00000068                . = ALIGN (0x2)
                0x00000068                __trampolines_start = .
 *(.trampolines)
 .trampolines   0x00000068        0x0 linker stubs
 *(.trampolines*)
                0x00000068                __trampolines_end = .
 *libprintf_flt.a:*(.progmem.data)
 *libc.a:*(.progmem.data)
 *(.progmem*)
                0x00000068                . = ALIGN (0x2)
 *(.jumptables)
 *(.jumptables*)
 *(.lowtext)
 *(.lowtext*)
                0x00000068                __ctors_start = .
 *(.ctors)
                0x00000068                __ctors_end = .
                0x00000068                __dtors_start = .
 *(.dtors)
                0x00000068                __dtors_end = .
 SORT(*)(.ctors)
 SORT(*)(.dtors)
 *(.init0)
 .init0         0x00000068        0x0 C:/Program Files (x86)/Atmel/Studio/7.0/Packs/atmel/ATmega_DFP/1.3.300/gcc/dev/atmega328p/avr5/crtatmega328p.o
                0x00000068                __init
 *(.init0)
 *(.init1)
 *(.init1)
 *(.init2)
 .init2         0x00000068        0xc C:/Program Files (x86)/Atmel/Studio/7.0/Packs/atmel/ATmega_DFP/1.3.300/gcc/dev/atmega328p/avr5/crtatmega328p.o
 *(.init2)
 *(.init3)
 *(.init3)
 *(.init4)
 .init4         0x00000074       0x16 c:/program files (x86)/atmel/studio/7.0/toolchain/avr8/avr8-gnu-toolchain/bin/../lib/gcc/avr/5.4.0/avr5\libgcc.a(_copy_data.o)
                0x00000074                __do_copy_data
 .init4         0x0000008a       0x10 c:/program files (x86)/atmel/studio/7.0/toolchain/avr8/avr8-gnu-toolchain/bin/../lib/gcc/avr/5.4.0/avr5\libgcc.a(_clear_bss.o)
                0x0000008a                __do_clear_bss
 *(.init4)
 *(.init5)
 *(.init5)
 *(.init6)
 *(.init6)
 *(.init7)
 *(.init7)
 *(.init8)
 *(.init8)
 *(.init9)
 .init9         0x0000009a        0x8 C:/Program Files (x86)/Atmel/Studio/7.0/Packs/atmel/ATmega_DFP/1.3.300/gcc/dev/atmega328p/avr5/crtatmega328p.o
 *(.init9)
 *(.text)
 .text          0x000000a2        0x4 C:/Program Files (x86)/Atmel/Studio/7.0/Packs/atmel/ATmega_DFP/1.3.300/gcc/dev/atmega328p/avr5/crtatmega328p.o
                0x000000a2                __vector_22
                0x000000a2                __vector_1
                0x000000a2                __vector_24
                0x000000a2                __vector_12
                0x000000a2                __bad_interrupt
                0x000000a2                __vector_6
                0x000000a2                __vector_3
                0x000000a2                __vector_23
                0x000000a2                __vector_25
                0x000000a2                __vector_11
                0x000000a2                __vector_13
                0x000000a2                __vector_17
                0x000000a2                __vector_19
                0x000000a2                __vector_7
                0x000000a2                __vector_5
                0x000000a2                __vector_9
                0x000000a2                __vector_2
                0x000000a2                __vector_21
                0x000000a2                __vector_15
                0x000000a2                __vector_8
                0x000000a2                __vector_14
                0x000000a2                __vector_10
                0x000000a2                __vector_16
                0x000000a2                __vector_18
                0x000000a2                __vector_20
                0x000000a6                . = ALIGN (0x2)
 *(.text.*)
 .text.oled_config
                0x000000a6       0x18 cgoled.o
                0x000000a6                oled_config
 .text.busy_wait
                0x000000be       0x14 cgoled.o
                0x000000be                busy_wait
 .text.set_data_bus
                0x000000d2       0x52 cgoled.o
                0x000000d2                set_data_bus
 .text.oled_write_cmd_busy
                0x00000124       0x1c cgoled.o
                0x00000124                oled_write_cmd_busy
 .text.oled_write_cmd
                0x00000140        0x8 cgoled.o
                0x00000140                oled_write_cmd
 .text.oled_clear
                0x00000148        0x8 cgoled.o
                0x00000148                oled_clear
 .text.oled_cursor_home
                0x00000150        0x8 cgoled.o
                0x00000150                oled_cursor_home
 .text.oled_incremental_cursor
                0x00000158        0x8 cgoled.o
                0x00000158                oled_incremental_cursor
 .text.oled_power_on
                0x00000160        0x8 cgoled.o
                0x00000160                oled_power_on
 .text.oled_power_off
                0x00000168        0x8 cgoled.o
                0x00000168                oled_power_off
 .text.oled_write_data
                0x00000170       0x1a cgoled.o
                0x00000170                oled_write_data
 .text.get_ddram_address_n1
                0x0000018a       0x1c cgoled.o
                0x0000018a                get_ddram_address_n1
 .text.oled_write_character
                0x000001a6       0x1c cgoled.o
                0x000001a6                oled_write_character
 .text.cgrf_init
                0x000001c2        0x6 cgrf.o
                0x000001c2                cgrf_init
 .text.cgrf_data_ready
                0x000001c8       0x24 cgrf.o
                0x000001c8                cgrf_data_ready
 .text.cgrf_get_payload
                0x000001ec       0x60 cgrf.o
                0x000001ec                cgrf_get_payload
 .text.set_auto_ack
                0x0000024c       0x14 cgrf.o
                0x0000024c                set_auto_ack
 .text.set_dynamic_payload
                0x00000260       0x14 cgrf.o
                0x00000260                set_dynamic_payload
 .text.set_features
                0x00000274       0x36 cgrf.o
                0x00000274                set_features
 .text.set_payload1_size
                0x000002aa        0xa cgrf.o
                0x000002aa                set_payload1_size
 .text.set_config
                0x000002b4       0x52 cgrf.o
                0x000002b4                set_config
 .text.cgrf_power_up
                0x00000306       0x16 cgrf.o
                0x00000306                cgrf_power_up
 .text.cgrf_power_down
                0x0000031c       0x18 cgrf.o
                0x0000031c                cgrf_power_down
 .text.set_channel
                0x00000334        0xa cgrf.o
                0x00000334                set_channel
 .text.set_rf_setup
                0x0000033e       0x32 cgrf.o
                0x0000033e                set_rf_setup
 .text.set_pipe1_address
                0x00000370        0xa cgrf.o
                0x00000370                set_pipe1_address
 .text.cgrf_start_as_reciever
                0x0000037a       0x7e cgrf.o
                0x0000037a                cgrf_start_as_reciever
 .text.config_character_display
                0x000003f8       0x18 display.o
                0x000003f8                config_character_display
 .text.display_number
                0x00000410       0x6a display.o
                0x00000410                display_number
 .text.display_binary
                0x0000047a       0x54 display.o
                0x0000047a                display_binary
 .text.display_string
                0x000004ce       0x3a display.o
                0x000004ce                display_string
 .text.config_led
                0x00000508        0x4 led.o
                0x00000508                config_led
 .text.led_on   0x0000050c        0x4 led.o
                0x0000050c                led_on
 .text.led_off  0x00000510        0x4 led.o
                0x00000510                led_off
 .text.__vector_4
                0x00000514       0x30 main.o
                0x00000514                __vector_4
 .text.setup_btn_interrupts
                0x00000544       0x1a main.o
                0x00000544                setup_btn_interrupts
 .text.config_receive
                0x0000055e       0x2a main.o
                0x0000055e                config_receive
 .text.run_receive
                0x00000588       0xb4 main.o
                0x00000588                run_receive
 .text.main     0x0000063c        0x8 main.o
                0x0000063c                main
 .text.nrf24_configure_ports
                0x00000644       0x10 nrf24l01.o
                0x00000644                nrf24_configure_ports
 .text.nrf24_set_ce_low
                0x00000654        0x4 nrf24l01.o
                0x00000654                nrf24_set_ce_low
 .text.nrf24_set_ce_high
                0x00000658        0x4 nrf24l01.o
                0x00000658                nrf24_set_ce_high
 .text.spi_out_command
                0x0000065c       0x44 nrf24l01.o
                0x0000065c                spi_out_command
 .text.nrf24_flush_tx
                0x000006a0        0xc nrf24l01.o
                0x000006a0                nrf24_flush_tx
 .text.nrf24_flush_rx
                0x000006ac        0xc nrf24l01.o
                0x000006ac                nrf24_flush_rx
 .text.spi_out_data_value
                0x000006b8       0x2a nrf24l01.o
                0x000006b8                spi_out_data_value
 .text.write_register_value
                0x000006e2       0x22 nrf24l01.o
                0x000006e2                write_register_value
 .text.nrf24_set_config
                0x00000704        0xa nrf24l01.o
                0x00000704                nrf24_set_config
 .text.nrf24_set_en_aa
                0x0000070e        0xa nrf24l01.o
                0x0000070e                nrf24_set_en_aa
 .text.nrf24_set_en_rxaddr
                0x00000718        0xa nrf24l01.o
                0x00000718                nrf24_set_en_rxaddr
 .text.nrf24_set_setup_aw
                0x00000722        0xa nrf24l01.o
                0x00000722                nrf24_set_setup_aw
 .text.nrf24_set_setup_retr
                0x0000072c        0xa nrf24l01.o
                0x0000072c                nrf24_set_setup_retr
 .text.nrf24_set_rf_ch
                0x00000736        0xa nrf24l01.o
                0x00000736                nrf24_set_rf_ch
 .text.nrf24_set_rf_setup
                0x00000740        0xa nrf24l01.o
                0x00000740                nrf24_set_rf_setup
 .text.nrf24_set_status
                0x0000074a        0xa nrf24l01.o
                0x0000074a                nrf24_set_status
 .text.nrf24_set_rx_pw_p0
                0x00000754        0xa nrf24l01.o
                0x00000754                nrf24_set_rx_pw_p0
 .text.nrf24_set_rx_pw_p1
                0x0000075e        0xa nrf24l01.o
                0x0000075e                nrf24_set_rx_pw_p1
 .text.nrf24_set_rx_pw_p2
                0x00000768        0xa nrf24l01.o
                0x00000768                nrf24_set_rx_pw_p2
 .text.nrf24_set_rx_pw_p3
                0x00000772        0xa nrf24l01.o
                0x00000772                nrf24_set_rx_pw_p3
 .text.nrf24_set_rx_pw_p4
                0x0000077c        0xa nrf24l01.o
                0x0000077c                nrf24_set_rx_pw_p4
 .text.nrf24_set_rx_pw_p5
                0x00000786        0xa nrf24l01.o
                0x00000786                nrf24_set_rx_pw_p5
 .text.nrf24_set_dynpd
                0x00000790        0xa nrf24l01.o
                0x00000790                nrf24_set_dynpd
 .text.nrf24_set_feature
                0x0000079a        0xa nrf24l01.o
                0x0000079a                nrf24_set_feature
 .text.spi_out_data_bytes
                0x000007a4       0x32 nrf24l01.o
                0x000007a4                spi_out_data_bytes
 .text.write_register_bytes
                0x000007d6       0x2e nrf24l01.o
                0x000007d6                write_register_bytes
 .text.nrf24_set_rx_address_pipe1
                0x00000804        0xc nrf24l01.o
                0x00000804                nrf24_set_rx_address_pipe1
 .text.spi_in_data_value
                0x00000810       0x28 nrf24l01.o
                0x00000810                spi_in_data_value
 .text.spi_in_data_bytes
                0x00000838       0x3a nrf24l01.o
                0x00000838                spi_in_data_bytes
 .text.nrf24_get_payload_size
                0x00000872       0x26 nrf24l01.o
                0x00000872                nrf24_get_payload_size
 .text.nrf24_get_payload
                0x00000898       0x2c nrf24l01.o
                0x00000898                nrf24_get_payload
 .text.read_register_bytes
                0x000008c4       0x2c nrf24l01.o
                0x000008c4                read_register_bytes
 .text.nrf24_get_status
                0x000008f0        0xc nrf24l01.o
                0x000008f0                nrf24_get_status
                0x000008fc                . = ALIGN (0x2)
 *(.fini9)
 .fini9         0x000008fc        0x0 c:/program files (x86)/atmel/studio/7.0/toolchain/avr8/avr8-gnu-toolchain/bin/../lib/gcc/avr/5.4.0/avr5\libgcc.a(_exit.o)
                0x000008fc                _exit
                0x000008fc                exit
 *(.fini9)
 *(.fini8)
 *(.fini8)
 *(.fini7)
 *(.fini7)
 *(.fini6)
 *(.fini6)
 *(.fini5)
 *(.fini5)
 *(.fini4)
 *(.fini4)
 *(.fini3)
 *(.fini3)
 *(.fini2)
 *(.fini2)
 *(.fini1)
 *(.fini1)
 *(.fini0)
 .fini0         0x000008fc        0x4 c:/program files (x86)/atmel/studio/7.0/toolchain/avr8/avr8-gnu-toolchain/bin/../lib/gcc/avr/5.4.0/avr5\libgcc.a(_exit.o)
 *(.fini0)
                0x00000900                _etext = .

.data           0x00800100       0xd0 load address 0x00000900
                0x00800100                PROVIDE (__data_start, .)
 *(.data)
 *(.data*)
 .data.m_pipe1_address
                0x00800100        0x5 cgrf.o
 .data.m_payload_length
                0x00800105        0x1 cgrf.o
 .data.m_output_power
                0x00800106        0x1 cgrf.o
 .data.m_data_rate
                0x00800107        0x1 cgrf.o
 .data.m_channel
                0x00800108        0x1 cgrf.o
 .data.m_power  0x00800109        0x1 cgrf.o
 .data.m_crc_encoding
                0x0080010a        0x1 cgrf.o
 *(.gnu.linkonce.d*)
 *(.rodata)
 *(.rodata*)
 .rodata.str1.1
                0x0080010b       0xc5 main.o
                                 0xc7 (size before relaxing)
 *(.gnu.linkonce.r*)
                0x008001d0                . = ALIGN (0x2)
                0x008001d0                _edata = .
                0x008001d0                PROVIDE (__data_end, .)

.bss            0x008001d0        0x4
                0x008001d0                PROVIDE (__bss_start, .)
 *(.bss)
 *(.bss*)
 .bss.m_payload_size
                0x008001d0        0x1 cgrf.o
 .bss.m_auto_ack
                0x008001d1        0x1 cgrf.o
 .bss.m_mode    0x008001d2        0x1 cgrf.o
 .bss.m_button_on
                0x008001d3        0x1 main.o
                0x008001d3                m_button_on
 *(COMMON)
                0x008001d4                PROVIDE (__bss_end, .)
                0x00000900                __data_load_start = LOADADDR (.data)
                0x000009d0                __data_load_end = (__data_load_start + SIZEOF (.data))

.noinit         0x008001d4        0x0
                [!provide]                PROVIDE (__noinit_start, .)
 *(.noinit*)
                [!provide]                PROVIDE (__noinit_end, .)
                0x008001d4                _end = .
                [!provide]                PROVIDE (__heap_start, .)

.eeprom         0x00810000        0x0
 *(.eeprom*)
                0x00810000                __eeprom_end = .

.fuse
 *(.fuse)
 *(.lfuse)
 *(.hfuse)
 *(.efuse)

.lock
 *(.lock*)

.signature
 *(.signature*)

.user_signatures
 *(.user_signatures*)

.stab
 *(.stab)

.stabstr
 *(.stabstr)

.stab.excl
 *(.stab.excl)

.stab.exclstr
 *(.stab.exclstr)

.stab.index
 *(.stab.index)

.stab.indexstr
 *(.stab.indexstr)

.comment        0x00000000       0x30
 *(.comment)
 .comment       0x00000000       0x30 cgoled.o
                                 0x31 (size before relaxing)
 .comment       0x00000030       0x31 cgrf.o
 .comment       0x00000030       0x31 display.o
 .comment       0x00000030       0x31 led.o
 .comment       0x00000030       0x31 main.o
 .comment       0x00000030       0x31 nrf24l01.o

.note.gnu.avr.deviceinfo
                0x00000000       0x40
 .note.gnu.avr.deviceinfo
                0x00000000       0x40 C:/Program Files (x86)/Atmel/Studio/7.0/Packs/atmel/ATmega_DFP/1.3.300/gcc/dev/atmega328p/avr5/crtatmega328p.o

.note.gnu.build-id
 *(.note.gnu.build-id)

.debug
 *(.debug)

.line
 *(.line)

.debug_srcinfo
 *(.debug_srcinfo)

.debug_sfnames
 *(.debug_sfnames)

.debug_aranges  0x00000000      0x488
 *(.debug_aranges)
 .debug_aranges
                0x00000000       0xc0 cgoled.o
 .debug_aranges
                0x000000c0       0xf0 cgrf.o
 .debug_aranges
                0x000001b0       0x48 display.o
 .debug_aranges
                0x000001f8       0x30 led.o
 .debug_aranges
                0x00000228       0x70 main.o
 .debug_aranges
                0x00000298      0x1f0 nrf24l01.o

.debug_pubnames
 *(.debug_pubnames)

.debug_info     0x00000000     0x4004
 *(.debug_info .gnu.linkonce.wi.*)
 .debug_info    0x00000000      0x5f4 C:/Program Files (x86)/Atmel/Studio/7.0/Packs/atmel/ATmega_DFP/1.3.300/gcc/dev/atmega328p/avr5/crtatmega328p.o
 .debug_info    0x000005f4      0x6b0 cgoled.o
 .debug_info    0x00000ca4      0xd76 cgrf.o
 .debug_info    0x00001a1a      0x492 display.o
 .debug_info    0x00001eac       0xaf led.o
 .debug_info    0x00001f5b      0xd22 main.o
 .debug_info    0x00002c7d     0x1387 nrf24l01.o

.debug_abbrev   0x00000000     0x1036
 *(.debug_abbrev)
 .debug_abbrev  0x00000000      0x5a2 C:/Program Files (x86)/Atmel/Studio/7.0/Packs/atmel/ATmega_DFP/1.3.300/gcc/dev/atmega328p/avr5/crtatmega328p.o
 .debug_abbrev  0x000005a2      0x239 cgoled.o
 .debug_abbrev  0x000007db      0x1da cgrf.o
 .debug_abbrev  0x000009b5      0x131 display.o
 .debug_abbrev  0x00000ae6       0x51 led.o
 .debug_abbrev  0x00000b37      0x277 main.o
 .debug_abbrev  0x00000dae      0x288 nrf24l01.o

.debug_line     0x00000000     0x1df5
 *(.debug_line .debug_line.* .debug_line_end)
 .debug_line    0x00000000      0x133 C:/Program Files (x86)/Atmel/Studio/7.0/Packs/atmel/ATmega_DFP/1.3.300/gcc/dev/atmega328p/avr5/crtatmega328p.o
 .debug_line    0x00000133      0x4c2 cgoled.o
 .debug_line    0x000005f5      0x6d6 cgrf.o
 .debug_line    0x00000ccb      0x1de display.o
 .debug_line    0x00000ea9       0xcc led.o
 .debug_line    0x00000f75      0x516 main.o
 .debug_line    0x0000148b      0x96a nrf24l01.o

.debug_frame    0x00000000      0xa98
 *(.debug_frame)
 .debug_frame   0x00000000      0x1a8 cgoled.o
 .debug_frame   0x000001a8      0x238 cgrf.o
 .debug_frame   0x000003e0       0xe4 display.o
 .debug_frame   0x000004c4       0x44 led.o
 .debug_frame   0x00000508      0x128 main.o
 .debug_frame   0x00000630      0x468 nrf24l01.o

.debug_str      0x00000000      0xf1d
 *(.debug_str)
 .debug_str     0x00000000      0x208 C:/Program Files (x86)/Atmel/Studio/7.0/Packs/atmel/ATmega_DFP/1.3.300/gcc/dev/atmega328p/avr5/crtatmega328p.o
 .debug_str     0x00000208      0x2c6 cgoled.o
                                0x316 (size before relaxing)
 .debug_str     0x000004ce      0x607 cgrf.o
                                0x7ec (size before relaxing)
 .debug_str     0x00000ad5       0x84 display.o
                                0x25d (size before relaxing)
 .debug_str     0x00000b59       0x25 led.o
                                0x174 (size before relaxing)
 .debug_str     0x00000b7e      0x24f main.o
                                0x52d (size before relaxing)
 .debug_str     0x00000dcd      0x150 nrf24l01.o
                                0x691 (size before relaxing)

.debug_loc      0x00000000     0x2829
 *(.debug_loc)
 .debug_loc     0x00000000      0x683 cgoled.o
 .debug_loc     0x00000683      0x55f cgrf.o
 .debug_loc     0x00000be2      0x5db display.o
 .debug_loc     0x000011bd      0x552 main.o
 .debug_loc     0x0000170f     0x111a nrf24l01.o

.debug_macinfo
 *(.debug_macinfo)

.debug_weaknames
 *(.debug_weaknames)

.debug_funcnames
 *(.debug_funcnames)

.debug_typenames
 *(.debug_typenames)

.debug_varnames
 *(.debug_varnames)

.debug_pubtypes
 *(.debug_pubtypes)

.debug_ranges   0x00000000      0x470
 *(.debug_ranges)
 .debug_ranges  0x00000000       0xc8 cgoled.o
 .debug_ranges  0x000000c8       0xe0 cgrf.o
 .debug_ranges  0x000001a8       0x38 display.o
 .debug_ranges  0x000001e0       0x20 led.o
 .debug_ranges  0x00000200       0x60 main.o
 .debug_ranges  0x00000260      0x210 nrf24l01.o

.debug_macro
 *(.debug_macro)
OUTPUT(cgwireless.elf elf32-avr)
LOAD linker stubs
