Archive member included to satisfy reference by file (symbol)

c:/program files (x86)/atmel/studio/7.0/toolchain/avr8/avr8-gnu-toolchain/bin/../lib/gcc/avr/5.4.0/avr5\libgcc.a(_exit.o)
                              C:/Program Files (x86)/Atmel/Studio/7.0/Packs/atmel/ATmega_DFP/1.3.300/gcc/dev/atmega328p/avr5/crtatmega328p.o (exit)
c:/program files (x86)/atmel/studio/7.0/toolchain/avr8/avr8-gnu-toolchain/bin/../lib/gcc/avr/5.4.0/avr5\libgcc.a(_copy_data.o)
                              cgrf.o (__do_copy_data)
c:/program files (x86)/atmel/studio/7.0/toolchain/avr8/avr8-gnu-toolchain/bin/../lib/gcc/avr/5.4.0/avr5\libgcc.a(_clear_bss.o)
                              cgrf.o (__do_clear_bss)
c:/program files (x86)/atmel/studio/7.0/toolchain/avr8/avr8-gnu-toolchain/bin/../lib/gcc/avr/5.4.0/../../../../avr/lib/avr5\libc.a(memcmp.o)
                              cgrf.o (memcmp)

Discarded input sections

 .data          0x00000000        0x0 C:/Program Files (x86)/Atmel/Studio/7.0/Packs/atmel/ATmega_DFP/1.3.300/gcc/dev/atmega328p/avr5/crtatmega328p.o
 .bss           0x00000000        0x0 C:/Program Files (x86)/Atmel/Studio/7.0/Packs/atmel/ATmega_DFP/1.3.300/gcc/dev/atmega328p/avr5/crtatmega328p.o
 .text          0x00000000        0x0 button.o
 .data          0x00000000        0x0 button.o
 .bss           0x00000000        0x0 button.o
 .text          0x00000000        0x0 cgoled.o
 .data          0x00000000        0x0 cgoled.o
 .bss           0x00000000        0x0 cgoled.o
 .text.oled_graphics_mode
                0x00000000        0x8 cgoled.o
 .text.get_cgram_address
                0x00000000       0x22 cgoled.o
 .text.oled_set_character
                0x00000000       0x38 cgoled.o
 .text.get_gxa_address
                0x00000000       0x12 cgoled.o
 .text.oled_set_coordinates
                0x00000000       0x20 cgoled.o
 .text.oled_blank
                0x00000000       0x2e cgoled.o
 .text.oled_write_pixels_at
                0x00000000       0x12 cgoled.o
 .text.get_gya_address
                0x00000000        0xc cgoled.o
 .text          0x00000000        0x0 cgrf.o
 .data          0x00000000        0x0 cgrf.o
 .bss           0x00000000        0x0 cgrf.o
 .text.cgrf_check_acknowledgment
                0x00000000       0x30 cgrf.o
 .text.cgrf_transmit_data
                0x00000000       0x1e cgrf.o
 .text.cgrf_retransmit
                0x00000000       0x1a cgrf.o
 .text.cgrf_set_acknowledgment
                0x00000000       0x16 cgrf.o
 .text.cgrf_set_length
                0x00000000       0x4a cgrf.o
 .text.cgrf_set_crc_encoding
                0x00000000       0x1a cgrf.o
 .text.cgrf_set_channel
                0x00000000       0x16 cgrf.o
 .text.cgrf_set_data_rate
                0x00000000       0x12 cgrf.o
 .text.cgrf_set_output_power
                0x00000000       0x12 cgrf.o
 .text.set_tx_address
                0x00000000        0xa cgrf.o
 .text.set_pipe0_address
                0x00000000        0xa cgrf.o
 .text.cgrf_set_tx_address
                0x00000000       0x34 cgrf.o
 .text.cgrf_start_as_transmitter
                0x00000000       0x6c cgrf.o
 .data.m_pipe0_address
                0x00000000        0x5 cgrf.o
 .data.m_tx_address
                0x00000000        0x5 cgrf.o
 .text          0x00000000        0x0 display.o
 .data          0x00000000        0x0 display.o
 .bss           0x00000000        0x0 display.o
 .text.config_graphical_display
                0x00000000       0x1c display.o
 .rodata        0x00000000       0x10 display.o
 .text.display_hex
                0x00000000       0x7c display.o
 .text.display_string
                0x00000000       0x3a display.o
 .text          0x00000000        0x0 led.o
 .data          0x00000000        0x0 led.o
 .bss           0x00000000        0x0 led.o
 .text          0x00000000        0x0 main.o
 .data          0x00000000        0x0 main.o
 .bss           0x00000000        0x0 main.o
 .text.config_transmit
                0x00000000       0x26 main.o
 .text.increment_data
                0x00000000       0x1c main.o
 .text.run_transmit
                0x00000000       0x8a main.o
 .text.display_register
                0x00000000       0x2c main.o
 .text.display_address
                0x00000000       0x26 main.o
 .rodata.str1.1
                0x00000000       0xbb main.o
 .text.display_registers
                0x00000000      0x1f0 main.o
 .text          0x00000000        0x0 nrf24l01.o
 .data          0x00000000        0x0 nrf24l01.o
 .bss           0x00000000        0x0 nrf24l01.o
 .text.nrf24_retransmit
                0x00000000       0x1e nrf24l01.o
 .text.nrf24_set_observe_tx
                0x00000000        0xa nrf24l01.o
 .text.nrf24_set_fifo_status
                0x00000000        0xa nrf24l01.o
 .text.nrf24_transmit_data
                0x00000000       0x3e nrf24l01.o
 .text.nrf24_set_tx_address
                0x00000000        0xc nrf24l01.o
 .text.nrf24_set_rx_address_pipe0
                0x00000000        0xc nrf24l01.o
 .text.nrf24_get_config
                0x00000000        0xc nrf24l01.o
 .text.nrf24_get_en_aa
                0x00000000        0xc nrf24l01.o
 .text.nrf24_get_en_rxaddr
                0x00000000        0xc nrf24l01.o
 .text.nrf24_get_setup_aw
                0x00000000        0xc nrf24l01.o
 .text.nrf24_get_setup_retr
                0x00000000        0xc nrf24l01.o
 .text.nrf24_get_rf_ch
                0x00000000        0xc nrf24l01.o
 .text.nrf24_get_rf_setup
                0x00000000        0xc nrf24l01.o
 .text.nrf24_get_observe_tx
                0x00000000        0xc nrf24l01.o
 .text.nrf24_get_rx_pw_p0
                0x00000000        0xc nrf24l01.o
 .text.nrf24_get_rx_pw_p1
                0x00000000        0xc nrf24l01.o
 .text.nrf24_get_rx_pw_p2
                0x00000000        0xc nrf24l01.o
 .text.nrf24_get_rx_pw_p3
                0x00000000        0xc nrf24l01.o
 .text.nrf24_get_rx_pw_p4
                0x00000000        0xc nrf24l01.o
 .text.nrf24_get_rx_pw_p5
                0x00000000        0xc nrf24l01.o
 .text.nrf24_get_fifo_status
                0x00000000        0xc nrf24l01.o
 .text.nrf24_get_dynpd
                0x00000000        0xc nrf24l01.o
 .text.nrf24_get_feature
                0x00000000        0xc nrf24l01.o
 .text.nrf24_get_tx_address
                0x00000000        0xc nrf24l01.o
 .text.nrf24_get_rx_address_pipe0
                0x00000000        0xc nrf24l01.o
 .text.nrf24_get_rx_address_pipe1
                0x00000000        0xc nrf24l01.o
 .text          0x00000000        0x0 c:/program files (x86)/atmel/studio/7.0/toolchain/avr8/avr8-gnu-toolchain/bin/../lib/gcc/avr/5.4.0/avr5\libgcc.a(_exit.o)
 .data          0x00000000        0x0 c:/program files (x86)/atmel/studio/7.0/toolchain/avr8/avr8-gnu-toolchain/bin/../lib/gcc/avr/5.4.0/avr5\libgcc.a(_exit.o)
 .bss           0x00000000        0x0 c:/program files (x86)/atmel/studio/7.0/toolchain/avr8/avr8-gnu-toolchain/bin/../lib/gcc/avr/5.4.0/avr5\libgcc.a(_exit.o)
 .text.libgcc.mul
                0x00000000        0x0 c:/program files (x86)/atmel/studio/7.0/toolchain/avr8/avr8-gnu-toolchain/bin/../lib/gcc/avr/5.4.0/avr5\libgcc.a(_exit.o)
 .text.libgcc.div
                0x00000000        0x0 c:/program files (x86)/atmel/studio/7.0/toolchain/avr8/avr8-gnu-toolchain/bin/../lib/gcc/avr/5.4.0/avr5\libgcc.a(_exit.o)
 .text.libgcc   0x00000000        0x0 c:/program files (x86)/atmel/studio/7.0/toolchain/avr8/avr8-gnu-toolchain/bin/../lib/gcc/avr/5.4.0/avr5\libgcc.a(_exit.o)
 .text.libgcc.prologue
                0x00000000        0x0 c:/program files (x86)/atmel/studio/7.0/toolchain/avr8/avr8-gnu-toolchain/bin/../lib/gcc/avr/5.4.0/avr5\libgcc.a(_exit.o)
 .text.libgcc.builtins
                0x00000000        0x0 c:/program files (x86)/atmel/studio/7.0/toolchain/avr8/avr8-gnu-toolchain/bin/../lib/gcc/avr/5.4.0/avr5\libgcc.a(_exit.o)
 .text.libgcc.fmul
                0x00000000        0x0 c:/program files (x86)/atmel/studio/7.0/toolchain/avr8/avr8-gnu-toolchain/bin/../lib/gcc/avr/5.4.0/avr5\libgcc.a(_exit.o)
 .text.libgcc.fixed
                0x00000000        0x0 c:/program files (x86)/atmel/studio/7.0/toolchain/avr8/avr8-gnu-toolchain/bin/../lib/gcc/avr/5.4.0/avr5\libgcc.a(_exit.o)
 .text          0x00000000        0x0 c:/program files (x86)/atmel/studio/7.0/toolchain/avr8/avr8-gnu-toolchain/bin/../lib/gcc/avr/5.4.0/avr5\libgcc.a(_copy_data.o)
 .data          0x00000000        0x0 c:/program files (x86)/atmel/studio/7.0/toolchain/avr8/avr8-gnu-toolchain/bin/../lib/gcc/avr/5.4.0/avr5\libgcc.a(_copy_data.o)
 .bss           0x00000000        0x0 c:/program files (x86)/atmel/studio/7.0/toolchain/avr8/avr8-gnu-toolchain/bin/../lib/gcc/avr/5.4.0/avr5\libgcc.a(_copy_data.o)
 .text.libgcc.mul
                0x00000000        0x0 c:/program files (x86)/atmel/studio/7.0/toolchain/avr8/avr8-gnu-toolchain/bin/../lib/gcc/avr/5.4.0/avr5\libgcc.a(_copy_data.o)
 .text.libgcc.div
                0x00000000        0x0 c:/program files (x86)/atmel/studio/7.0/toolchain/avr8/avr8-gnu-toolchain/bin/../lib/gcc/avr/5.4.0/avr5\libgcc.a(_copy_data.o)
 .text.libgcc   0x00000000        0x0 c:/program files (x86)/atmel/studio/7.0/toolchain/avr8/avr8-gnu-toolchain/bin/../lib/gcc/avr/5.4.0/avr5\libgcc.a(_copy_data.o)
 .text.libgcc.prologue
                0x00000000        0x0 c:/program files (x86)/atmel/studio/7.0/toolchain/avr8/avr8-gnu-toolchain/bin/../lib/gcc/avr/5.4.0/avr5\libgcc.a(_copy_data.o)
 .text.libgcc.builtins
                0x00000000        0x0 c:/program files (x86)/atmel/studio/7.0/toolchain/avr8/avr8-gnu-toolchain/bin/../lib/gcc/avr/5.4.0/avr5\libgcc.a(_copy_data.o)
 .text.libgcc.fmul
                0x00000000        0x0 c:/program files (x86)/atmel/studio/7.0/toolchain/avr8/avr8-gnu-toolchain/bin/../lib/gcc/avr/5.4.0/avr5\libgcc.a(_copy_data.o)
 .text.libgcc.fixed
                0x00000000        0x0 c:/program files (x86)/atmel/studio/7.0/toolchain/avr8/avr8-gnu-toolchain/bin/../lib/gcc/avr/5.4.0/avr5\libgcc.a(_copy_data.o)
 .text          0x00000000        0x0 c:/program files (x86)/atmel/studio/7.0/toolchain/avr8/avr8-gnu-toolchain/bin/../lib/gcc/avr/5.4.0/avr5\libgcc.a(_clear_bss.o)
 .data          0x00000000        0x0 c:/program files (x86)/atmel/studio/7.0/toolchain/avr8/avr8-gnu-toolchain/bin/../lib/gcc/avr/5.4.0/avr5\libgcc.a(_clear_bss.o)
 .bss           0x00000000        0x0 c:/program files (x86)/atmel/studio/7.0/toolchain/avr8/avr8-gnu-toolchain/bin/../lib/gcc/avr/5.4.0/avr5\libgcc.a(_clear_bss.o)
 .text.libgcc.mul
                0x00000000        0x0 c:/program files (x86)/atmel/studio/7.0/toolchain/avr8/avr8-gnu-toolchain/bin/../lib/gcc/avr/5.4.0/avr5\libgcc.a(_clear_bss.o)
 .text.libgcc.div
                0x00000000        0x0 c:/program files (x86)/atmel/studio/7.0/toolchain/avr8/avr8-gnu-toolchain/bin/../lib/gcc/avr/5.4.0/avr5\libgcc.a(_clear_bss.o)
 .text.libgcc   0x00000000        0x0 c:/program files (x86)/atmel/studio/7.0/toolchain/avr8/avr8-gnu-toolchain/bin/../lib/gcc/avr/5.4.0/avr5\libgcc.a(_clear_bss.o)
 .text.libgcc.prologue
                0x00000000        0x0 c:/program files (x86)/atmel/studio/7.0/toolchain/avr8/avr8-gnu-toolchain/bin/../lib/gcc/avr/5.4.0/avr5\libgcc.a(_clear_bss.o)
 .text.libgcc.builtins
                0x00000000        0x0 c:/program files (x86)/atmel/studio/7.0/toolchain/avr8/avr8-gnu-toolchain/bin/../lib/gcc/avr/5.4.0/avr5\libgcc.a(_clear_bss.o)
 .text.libgcc.fmul
                0x00000000        0x0 c:/program files (x86)/atmel/studio/7.0/toolchain/avr8/avr8-gnu-toolchain/bin/../lib/gcc/avr/5.4.0/avr5\libgcc.a(_clear_bss.o)
 .text.libgcc.fixed
                0x00000000        0x0 c:/program files (x86)/atmel/studio/7.0/toolchain/avr8/avr8-gnu-toolchain/bin/../lib/gcc/avr/5.4.0/avr5\libgcc.a(_clear_bss.o)
 .text          0x00000000        0x0 c:/program files (x86)/atmel/studio/7.0/toolchain/avr8/avr8-gnu-toolchain/bin/../lib/gcc/avr/5.4.0/../../../../avr/lib/avr5\libc.a(memcmp.o)
 .data          0x00000000        0x0 c:/program files (x86)/atmel/studio/7.0/toolchain/avr8/avr8-gnu-toolchain/bin/../lib/gcc/avr/5.4.0/../../../../avr/lib/avr5\libc.a(memcmp.o)
 .bss           0x00000000        0x0 c:/program files (x86)/atmel/studio/7.0/toolchain/avr8/avr8-gnu-toolchain/bin/../lib/gcc/avr/5.4.0/../../../../avr/lib/avr5\libc.a(memcmp.o)
 .text.avr-libc
                0x00000000       0x1a c:/program files (x86)/atmel/studio/7.0/toolchain/avr8/avr8-gnu-toolchain/bin/../lib/gcc/avr/5.4.0/../../../../avr/lib/avr5\libc.a(memcmp.o)

Memory Configuration

Name             Origin             Length             Attributes
text             0x00000000         0x00020000         xr
data             0x00800060         0x0000ffa0         rw !x
eeprom           0x00810000         0x00010000         rw !x
fuse             0x00820000         0x00000003         rw !x
lock             0x00830000         0x00000400         rw !x
signature        0x00840000         0x00000400         rw !x
user_signatures  0x00850000         0x00000400         rw !x
*default*        0x00000000         0xffffffff

Linker script and memory map

Address of section .data set to 0x800100
LOAD C:/Program Files (x86)/Atmel/Studio/7.0/Packs/atmel/ATmega_DFP/1.3.300/gcc/dev/atmega328p/avr5/crtatmega328p.o
LOAD button.o
LOAD cgoled.o
LOAD cgrf.o
LOAD display.o
LOAD led.o
LOAD main.o
LOAD nrf24l01.o
START GROUP
LOAD c:/program files (x86)/atmel/studio/7.0/toolchain/avr8/avr8-gnu-toolchain/bin/../lib/gcc/avr/5.4.0/../../../../avr/lib/avr5\libm.a
END GROUP
START GROUP
LOAD c:/program files (x86)/atmel/studio/7.0/toolchain/avr8/avr8-gnu-toolchain/bin/../lib/gcc/avr/5.4.0/avr5\libgcc.a
LOAD c:/program files (x86)/atmel/studio/7.0/toolchain/avr8/avr8-gnu-toolchain/bin/../lib/gcc/avr/5.4.0/../../../../avr/lib/avr5\libm.a
LOAD c:/program files (x86)/atmel/studio/7.0/toolchain/avr8/avr8-gnu-toolchain/bin/../lib/gcc/avr/5.4.0/../../../../avr/lib/avr5\libc.a
LOAD C:/Program Files (x86)/Atmel/Studio/7.0/Packs/atmel/ATmega_DFP/1.3.300/gcc/dev/atmega328p/avr5\libatmega328p.a
END GROUP
                0x00000000                __TEXT_REGION_ORIGIN__ = DEFINED (__TEXT_REGION_ORIGIN__)?__TEXT_REGION_ORIGIN__:0x0
                0x00800060                __DATA_REGION_ORIGIN__ = DEFINED (__DATA_REGION_ORIGIN__)?__DATA_REGION_ORIGIN__:0x800060
                0x00020000                __TEXT_REGION_LENGTH__ = DEFINED (__TEXT_REGION_LENGTH__)?__TEXT_REGION_LENGTH__:0x20000
                0x0000ffa0                __DATA_REGION_LENGTH__ = DEFINED (__DATA_REGION_LENGTH__)?__DATA_REGION_LENGTH__:0xffa0
                0x00010000                __EEPROM_REGION_LENGTH__ = DEFINED (__EEPROM_REGION_LENGTH__)?__EEPROM_REGION_LENGTH__:0x10000
                [0x00000003]                __FUSE_REGION_LENGTH__ = DEFINED (__FUSE_REGION_LENGTH__)?__FUSE_REGION_LENGTH__:0x400
                0x00000400                __LOCK_REGION_LENGTH__ = DEFINED (__LOCK_REGION_LENGTH__)?__LOCK_REGION_LENGTH__:0x400
                0x00000400                __SIGNATURE_REGION_LENGTH__ = DEFINED (__SIGNATURE_REGION_LENGTH__)?__SIGNATURE_REGION_LENGTH__:0x400
                0x00000400                __USER_SIGNATURE_REGION_LENGTH__ = DEFINED (__USER_SIGNATURE_REGION_LENGTH__)?__USER_SIGNATURE_REGION_LENGTH__:0x400

.hash
 *(.hash)

.dynsym
 *(.dynsym)

.dynstr
 *(.dynstr)

.gnu.version
 *(.gnu.version)

.gnu.version_d
 *(.gnu.version_d)

.gnu.version_r
 *(.gnu.version_r)

.rel.init
 *(.rel.init)

.rela.init
 *(.rela.init)

.rel.text
 *(.rel.text)
 *(.rel.text.*)
 *(.rel.gnu.linkonce.t*)

.rela.text
 *(.rela.text)
 *(.rela.text.*)
 *(.rela.gnu.linkonce.t*)

.rel.fini
 *(.rel.fini)

.rela.fini
 *(.rela.fini)

.rel.rodata
 *(.rel.rodata)
 *(.rel.rodata.*)
 *(.rel.gnu.linkonce.r*)

.rela.rodata
 *(.rela.rodata)
 *(.rela.rodata.*)
 *(.rela.gnu.linkonce.r*)

.rel.data
 *(.rel.data)
 *(.rel.data.*)
 *(.rel.gnu.linkonce.d*)

.rela.data
 *(.rela.data)
 *(.rela.data.*)
 *(.rela.gnu.linkonce.d*)

.rel.ctors
 *(.rel.ctors)

.rela.ctors
 *(.rela.ctors)

.rel.dtors
 *(.rel.dtors)

.rela.dtors
 *(.rela.dtors)

.rel.got
 *(.rel.got)

.rela.got
 *(.rela.got)

.rel.bss
 *(.rel.bss)

.rela.bss
 *(.rela.bss)

.rel.plt
 *(.rel.plt)

.rela.plt
 *(.rela.plt)

.text           0x00000000      0x85a
 *(.vectors)
 .vectors       0x00000000       0x68 C:/Program Files (x86)/Atmel/Studio/7.0/Packs/atmel/ATmega_DFP/1.3.300/gcc/dev/atmega328p/avr5/crtatmega328p.o
                0x00000000                __vector_default
                0x00000000                __vectors
 *(.vectors)
 *(.progmem.gcc*)
                0x00000068                . = ALIGN (0x2)
                0x00000068                __trampolines_start = .
 *(.trampolines)
 .trampolines   0x00000068        0x0 linker stubs
 *(.trampolines*)
                0x00000068                __trampolines_end = .
 *libprintf_flt.a:*(.progmem.data)
 *libc.a:*(.progmem.data)
 *(.progmem*)
                0x00000068                . = ALIGN (0x2)
 *(.jumptables)
 *(.jumptables*)
 *(.lowtext)
 *(.lowtext*)
                0x00000068                __ctors_start = .
 *(.ctors)
                0x00000068                __ctors_end = .
                0x00000068                __dtors_start = .
 *(.dtors)
                0x00000068                __dtors_end = .
 SORT(*)(.ctors)
 SORT(*)(.dtors)
 *(.init0)
 .init0         0x00000068        0x0 C:/Program Files (x86)/Atmel/Studio/7.0/Packs/atmel/ATmega_DFP/1.3.300/gcc/dev/atmega328p/avr5/crtatmega328p.o
                0x00000068                __init
 *(.init0)
 *(.init1)
 *(.init1)
 *(.init2)
 .init2         0x00000068        0xc C:/Program Files (x86)/Atmel/Studio/7.0/Packs/atmel/ATmega_DFP/1.3.300/gcc/dev/atmega328p/avr5/crtatmega328p.o
 *(.init2)
 *(.init3)
 *(.init3)
 *(.init4)
 .init4         0x00000074       0x16 c:/program files (x86)/atmel/studio/7.0/toolchain/avr8/avr8-gnu-toolchain/bin/../lib/gcc/avr/5.4.0/avr5\libgcc.a(_copy_data.o)
                0x00000074                __do_copy_data
 .init4         0x0000008a       0x10 c:/program files (x86)/atmel/studio/7.0/toolchain/avr8/avr8-gnu-toolchain/bin/../lib/gcc/avr/5.4.0/avr5\libgcc.a(_clear_bss.o)
                0x0000008a                __do_clear_bss
 *(.init4)
 *(.init5)
 *(.init5)
 *(.init6)
 *(.init6)
 *(.init7)
 *(.init7)
 *(.init8)
 *(.init8)
 *(.init9)
 .init9         0x0000009a        0x8 C:/Program Files (x86)/Atmel/Studio/7.0/Packs/atmel/ATmega_DFP/1.3.300/gcc/dev/atmega328p/avr5/crtatmega328p.o
 *(.init9)
 *(.text)
 .text          0x000000a2        0x4 C:/Program Files (x86)/Atmel/Studio/7.0/Packs/atmel/ATmega_DFP/1.3.300/gcc/dev/atmega328p/avr5/crtatmega328p.o
                0x000000a2                __vector_22
                0x000000a2                __vector_1
                0x000000a2                __vector_24
                0x000000a2                __vector_12
                0x000000a2                __bad_interrupt
                0x000000a2                __vector_6
                0x000000a2                __vector_3
                0x000000a2                __vector_23
                0x000000a2                __vector_25
                0x000000a2                __vector_11
                0x000000a2                __vector_13
                0x000000a2                __vector_17
                0x000000a2                __vector_19
                0x000000a2                __vector_7
                0x000000a2                __vector_5
                0x000000a2                __vector_4
                0x000000a2                __vector_9
                0x000000a2                __vector_2
                0x000000a2                __vector_21
                0x000000a2                __vector_15
                0x000000a2                __vector_8
                0x000000a2                __vector_14
                0x000000a2                __vector_10
                0x000000a2                __vector_16
                0x000000a2                __vector_18
                0x000000a2                __vector_20
                0x000000a6                . = ALIGN (0x2)
 *(.text.*)
 .text.config_buttons
                0x000000a6        0x4 button.o
                0x000000a6                config_buttons
 .text.button1_down
                0x000000aa        0xe button.o
                0x000000aa                button1_down
 .text.oled_config
                0x000000b8       0x18 cgoled.o
                0x000000b8                oled_config
 .text.busy_wait
                0x000000d0       0x14 cgoled.o
                0x000000d0                busy_wait
 .text.set_data_bus
                0x000000e4       0x52 cgoled.o
                0x000000e4                set_data_bus
 .text.oled_write_cmd_busy
                0x00000136       0x1c cgoled.o
                0x00000136                oled_write_cmd_busy
 .text.oled_write_cmd
                0x00000152        0x8 cgoled.o
                0x00000152                oled_write_cmd
 .text.oled_clear
                0x0000015a        0x8 cgoled.o
                0x0000015a                oled_clear
 .text.oled_cursor_home
                0x00000162        0x8 cgoled.o
                0x00000162                oled_cursor_home
 .text.oled_incremental_cursor
                0x0000016a        0x8 cgoled.o
                0x0000016a                oled_incremental_cursor
 .text.oled_power_on
                0x00000172        0x8 cgoled.o
                0x00000172                oled_power_on
 .text.oled_power_off
                0x0000017a        0x8 cgoled.o
                0x0000017a                oled_power_off
 .text.oled_write_data
                0x00000182       0x1a cgoled.o
                0x00000182                oled_write_data
 .text.get_ddram_address_n1
                0x0000019c       0x1c cgoled.o
                0x0000019c                get_ddram_address_n1
 .text.oled_write_character
                0x000001b8       0x1c cgoled.o
                0x000001b8                oled_write_character
 .text.cgrf_init
                0x000001d4        0x6 cgrf.o
                0x000001d4                cgrf_init
 .text.cgrf_get_payload
                0x000001da       0x60 cgrf.o
                0x000001da                cgrf_get_payload
 .text.set_auto_ack
                0x0000023a       0x14 cgrf.o
                0x0000023a                set_auto_ack
 .text.set_dynamic_payload
                0x0000024e       0x14 cgrf.o
                0x0000024e                set_dynamic_payload
 .text.set_features
                0x00000262       0x36 cgrf.o
                0x00000262                set_features
 .text.set_payload1_size
                0x00000298        0xa cgrf.o
                0x00000298                set_payload1_size
 .text.set_config
                0x000002a2       0x52 cgrf.o
                0x000002a2                set_config
 .text.cgrf_power_up
                0x000002f4       0x16 cgrf.o
                0x000002f4                cgrf_power_up
 .text.cgrf_power_down
                0x0000030a       0x18 cgrf.o
                0x0000030a                cgrf_power_down
 .text.set_channel
                0x00000322        0xa cgrf.o
                0x00000322                set_channel
 .text.set_rf_setup
                0x0000032c       0x32 cgrf.o
                0x0000032c                set_rf_setup
 .text.set_pipe1_address
                0x0000035e        0xa cgrf.o
                0x0000035e                set_pipe1_address
 .text.cgrf_start_as_reciever
                0x00000368       0x7e cgrf.o
                0x00000368                cgrf_start_as_reciever
 .text.config_character_display
                0x000003e6       0x18 display.o
                0x000003e6                config_character_display
 .text.display_number
                0x000003fe       0x6a display.o
                0x000003fe                display_number
 .text.display_binary
                0x00000468       0x54 display.o
                0x00000468                display_binary
 .text.config_led
                0x000004bc        0x4 led.o
                0x000004bc                config_led
 .text.led_on   0x000004c0        0x4 led.o
                0x000004c0                led_on
 .text.led_off  0x000004c4        0x4 led.o
                0x000004c4                led_off
 .text.config_receive
                0x000004c8       0x26 main.o
                0x000004c8                config_receive
 .text.run_receive
                0x000004ee       0xa8 main.o
                0x000004ee                run_receive
 .text.main     0x00000596        0x8 main.o
                0x00000596                main
 .text.nrf24_configure_ports
                0x0000059e       0x10 nrf24l01.o
                0x0000059e                nrf24_configure_ports
 .text.nrf24_set_ce_low
                0x000005ae        0x4 nrf24l01.o
                0x000005ae                nrf24_set_ce_low
 .text.nrf24_set_ce_high
                0x000005b2        0x4 nrf24l01.o
                0x000005b2                nrf24_set_ce_high
 .text.spi_out_command
                0x000005b6       0x44 nrf24l01.o
                0x000005b6                spi_out_command
 .text.nrf24_flush_tx
                0x000005fa        0xc nrf24l01.o
                0x000005fa                nrf24_flush_tx
 .text.nrf24_flush_rx
                0x00000606        0xc nrf24l01.o
                0x00000606                nrf24_flush_rx
 .text.spi_out_data_value
                0x00000612       0x2a nrf24l01.o
                0x00000612                spi_out_data_value
 .text.write_register_value
                0x0000063c       0x22 nrf24l01.o
                0x0000063c                write_register_value
 .text.nrf24_set_config
                0x0000065e        0xa nrf24l01.o
                0x0000065e                nrf24_set_config
 .text.nrf24_set_en_aa
                0x00000668        0xa nrf24l01.o
                0x00000668                nrf24_set_en_aa
 .text.nrf24_set_en_rxaddr
                0x00000672        0xa nrf24l01.o
                0x00000672                nrf24_set_en_rxaddr
 .text.nrf24_set_setup_aw
                0x0000067c        0xa nrf24l01.o
                0x0000067c                nrf24_set_setup_aw
 .text.nrf24_set_setup_retr
                0x00000686        0xa nrf24l01.o
                0x00000686                nrf24_set_setup_retr
 .text.nrf24_set_rf_ch
                0x00000690        0xa nrf24l01.o
                0x00000690                nrf24_set_rf_ch
 .text.nrf24_set_rf_setup
                0x0000069a        0xa nrf24l01.o
                0x0000069a                nrf24_set_rf_setup
 .text.nrf24_set_status
                0x000006a4        0xa nrf24l01.o
                0x000006a4                nrf24_set_status
 .text.nrf24_set_rx_pw_p0
                0x000006ae        0xa nrf24l01.o
                0x000006ae                nrf24_set_rx_pw_p0
 .text.nrf24_set_rx_pw_p1
                0x000006b8        0xa nrf24l01.o
                0x000006b8                nrf24_set_rx_pw_p1
 .text.nrf24_set_rx_pw_p2
                0x000006c2        0xa nrf24l01.o
                0x000006c2                nrf24_set_rx_pw_p2
 .text.nrf24_set_rx_pw_p3
                0x000006cc        0xa nrf24l01.o
                0x000006cc                nrf24_set_rx_pw_p3
 .text.nrf24_set_rx_pw_p4
                0x000006d6        0xa nrf24l01.o
                0x000006d6                nrf24_set_rx_pw_p4
 .text.nrf24_set_rx_pw_p5
                0x000006e0        0xa nrf24l01.o
                0x000006e0                nrf24_set_rx_pw_p5
 .text.nrf24_set_dynpd
                0x000006ea        0xa nrf24l01.o
                0x000006ea                nrf24_set_dynpd
 .text.nrf24_set_feature
                0x000006f4        0xa nrf24l01.o
                0x000006f4                nrf24_set_feature
 .text.spi_out_data_bytes
                0x000006fe       0x32 nrf24l01.o
                0x000006fe                spi_out_data_bytes
 .text.write_register_bytes
                0x00000730       0x2e nrf24l01.o
                0x00000730                write_register_bytes
 .text.nrf24_set_rx_address_pipe1
                0x0000075e        0xc nrf24l01.o
                0x0000075e                nrf24_set_rx_address_pipe1
 .text.spi_in_data_value
                0x0000076a       0x28 nrf24l01.o
                0x0000076a                spi_in_data_value
 .text.spi_in_data_bytes
                0x00000792       0x3a nrf24l01.o
                0x00000792                spi_in_data_bytes
 .text.nrf24_get_payload_size
                0x000007cc       0x26 nrf24l01.o
                0x000007cc                nrf24_get_payload_size
 .text.nrf24_get_payload
                0x000007f2       0x2c nrf24l01.o
                0x000007f2                nrf24_get_payload
 .text.read_register_bytes
                0x0000081e       0x2c nrf24l01.o
                0x0000081e                read_register_bytes
 .text.nrf24_get_status
                0x0000084a        0xc nrf24l01.o
                0x0000084a                nrf24_get_status
                0x00000856                . = ALIGN (0x2)
 *(.fini9)
 .fini9         0x00000856        0x0 c:/program files (x86)/atmel/studio/7.0/toolchain/avr8/avr8-gnu-toolchain/bin/../lib/gcc/avr/5.4.0/avr5\libgcc.a(_exit.o)
                0x00000856                _exit
                0x00000856                exit
 *(.fini9)
 *(.fini8)
 *(.fini8)
 *(.fini7)
 *(.fini7)
 *(.fini6)
 *(.fini6)
 *(.fini5)
 *(.fini5)
 *(.fini4)
 *(.fini4)
 *(.fini3)
 *(.fini3)
 *(.fini2)
 *(.fini2)
 *(.fini1)
 *(.fini1)
 *(.fini0)
 .fini0         0x00000856        0x4 c:/program files (x86)/atmel/studio/7.0/toolchain/avr8/avr8-gnu-toolchain/bin/../lib/gcc/avr/5.4.0/avr5\libgcc.a(_exit.o)
 *(.fini0)
                0x0000085a                _etext = .

.data           0x00800100        0xc load address 0x0000085a
                0x00800100                PROVIDE (__data_start, .)
 *(.data)
 *(.data*)
 .data.m_pipe1_address
                0x00800100        0x5 cgrf.o
 .data.m_payload_length
                0x00800105        0x1 cgrf.o
 .data.m_output_power
                0x00800106        0x1 cgrf.o
 .data.m_data_rate
                0x00800107        0x1 cgrf.o
 .data.m_channel
                0x00800108        0x1 cgrf.o
 .data.m_power  0x00800109        0x1 cgrf.o
 .data.m_crc_encoding
                0x0080010a        0x1 cgrf.o
 *(.gnu.linkonce.d*)
 *(.rodata)
 *(.rodata*)
 *(.gnu.linkonce.r*)
                0x0080010c                . = ALIGN (0x2)
 *fill*         0x0080010b        0x1 
                0x0080010c                _edata = .
                0x0080010c                PROVIDE (__data_end, .)

.bss            0x0080010c        0x3
                0x0080010c                PROVIDE (__bss_start, .)
 *(.bss)
 *(.bss*)
 .bss.m_payload_size
                0x0080010c        0x1 cgrf.o
 .bss.m_auto_ack
                0x0080010d        0x1 cgrf.o
 .bss.m_mode    0x0080010e        0x1 cgrf.o
 *(COMMON)
                0x0080010f                PROVIDE (__bss_end, .)
                0x0000085a                __data_load_start = LOADADDR (.data)
                0x00000866                __data_load_end = (__data_load_start + SIZEOF (.data))

.noinit         0x0080010f        0x0
                [!provide]                PROVIDE (__noinit_start, .)
 *(.noinit*)
                [!provide]                PROVIDE (__noinit_end, .)
                0x0080010f                _end = .
                [!provide]                PROVIDE (__heap_start, .)

.eeprom         0x00810000        0x0
 *(.eeprom*)
                0x00810000                __eeprom_end = .

.fuse
 *(.fuse)
 *(.lfuse)
 *(.hfuse)
 *(.efuse)

.lock
 *(.lock*)

.signature
 *(.signature*)

.user_signatures
 *(.user_signatures*)

.stab
 *(.stab)

.stabstr
 *(.stabstr)

.stab.excl
 *(.stab.excl)

.stab.exclstr
 *(.stab.exclstr)

.stab.index
 *(.stab.index)

.stab.indexstr
 *(.stab.indexstr)

.comment        0x00000000       0x30
 *(.comment)
 .comment       0x00000000       0x30 button.o
                                 0x31 (size before relaxing)
 .comment       0x00000030       0x31 cgoled.o
 .comment       0x00000030       0x31 cgrf.o
 .comment       0x00000030       0x31 display.o
 .comment       0x00000030       0x31 led.o
 .comment       0x00000030       0x31 main.o
 .comment       0x00000030       0x31 nrf24l01.o

.note.gnu.avr.deviceinfo
                0x00000000       0x40
 .note.gnu.avr.deviceinfo
                0x00000000       0x40 C:/Program Files (x86)/Atmel/Studio/7.0/Packs/atmel/ATmega_DFP/1.3.300/gcc/dev/atmega328p/avr5/crtatmega328p.o

.note.gnu.build-id
 *(.note.gnu.build-id)

.debug
 *(.debug)

.line
 *(.line)

.debug_srcinfo
 *(.debug_srcinfo)

.debug_sfnames
 *(.debug_sfnames)

.debug_aranges  0x00000000      0x498
 *(.debug_aranges)
 .debug_aranges
                0x00000000       0x28 button.o
 .debug_aranges
                0x00000028       0xc0 cgoled.o
 .debug_aranges
                0x000000e8       0xe8 cgrf.o
 .debug_aranges
                0x000001d0       0x48 display.o
 .debug_aranges
                0x00000218       0x30 led.o
 .debug_aranges
                0x00000248       0x60 main.o
 .debug_aranges
                0x000002a8      0x1f0 nrf24l01.o

.debug_pubnames
 *(.debug_pubnames)

.debug_info     0x00000000     0x40e8
 *(.debug_info .gnu.linkonce.wi.*)
 .debug_info    0x00000000      0x5f4 C:/Program Files (x86)/Atmel/Studio/7.0/Packs/atmel/ATmega_DFP/1.3.300/gcc/dev/atmega328p/avr5/crtatmega328p.o
 .debug_info    0x000005f4       0xa4 button.o
 .debug_info    0x00000698      0x6b0 cgoled.o
 .debug_info    0x00000d48      0xd33 cgrf.o
 .debug_info    0x00001a7b      0x492 display.o
 .debug_info    0x00001f0d       0xaf led.o
 .debug_info    0x00001fbc      0xda5 main.o
 .debug_info    0x00002d61     0x1387 nrf24l01.o

.debug_abbrev   0x00000000     0x1073
 *(.debug_abbrev)
 .debug_abbrev  0x00000000      0x5a2 C:/Program Files (x86)/Atmel/Studio/7.0/Packs/atmel/ATmega_DFP/1.3.300/gcc/dev/atmega328p/avr5/crtatmega328p.o
 .debug_abbrev  0x000005a2       0x6b button.o
 .debug_abbrev  0x0000060d      0x239 cgoled.o
 .debug_abbrev  0x00000846      0x1da cgrf.o
 .debug_abbrev  0x00000a20      0x131 display.o
 .debug_abbrev  0x00000b51       0x51 led.o
 .debug_abbrev  0x00000ba2      0x249 main.o
 .debug_abbrev  0x00000deb      0x288 nrf24l01.o

.debug_line     0x00000000     0x1e75
 *(.debug_line .debug_line.* .debug_line_end)
 .debug_line    0x00000000      0x133 C:/Program Files (x86)/Atmel/Studio/7.0/Packs/atmel/ATmega_DFP/1.3.300/gcc/dev/atmega328p/avr5/crtatmega328p.o
 .debug_line    0x00000133       0xbf button.o
 .debug_line    0x000001f2      0x4c2 cgoled.o
 .debug_line    0x000006b4      0x6ad cgrf.o
 .debug_line    0x00000d61      0x1de display.o
 .debug_line    0x00000f3f       0xcc led.o
 .debug_line    0x0000100b      0x500 main.o
 .debug_line    0x0000150b      0x96a nrf24l01.o

.debug_frame    0x00000000      0xa7c
 *(.debug_frame)
 .debug_frame   0x00000000       0x34 button.o
 .debug_frame   0x00000034      0x1a8 cgoled.o
 .debug_frame   0x000001dc      0x218 cgrf.o
 .debug_frame   0x000003f4       0xe4 display.o
 .debug_frame   0x000004d8       0x44 led.o
 .debug_frame   0x0000051c       0xf8 main.o
 .debug_frame   0x00000614      0x468 nrf24l01.o

.debug_str      0x00000000      0xf19
 *(.debug_str)
 .debug_str     0x00000000      0x208 C:/Program Files (x86)/Atmel/Studio/7.0/Packs/atmel/ATmega_DFP/1.3.300/gcc/dev/atmega328p/avr5/crtatmega328p.o
 .debug_str     0x00000208      0x14b button.o
                                0x17f (size before relaxing)
 .debug_str     0x00000353      0x1a5 cgoled.o
                                0x316 (size before relaxing)
 .debug_str     0x000004f8      0x5f7 cgrf.o
                                0x7dc (size before relaxing)
 .debug_str     0x00000aef       0x84 display.o
                                0x25d (size before relaxing)
 .debug_str     0x00000b73       0x25 led.o
                                0x174 (size before relaxing)
 .debug_str     0x00000b98      0x231 main.o
                                0x526 (size before relaxing)
 .debug_str     0x00000dc9      0x150 nrf24l01.o
                                0x691 (size before relaxing)

.debug_loc      0x00000000     0x285f
 *(.debug_loc)
 .debug_loc     0x00000000      0x683 cgoled.o
 .debug_loc     0x00000683      0x517 cgrf.o
 .debug_loc     0x00000b9a      0x5db display.o
 .debug_loc     0x00001175      0x5d0 main.o
 .debug_loc     0x00001745     0x111a nrf24l01.o

.debug_macinfo
 *(.debug_macinfo)

.debug_weaknames
 *(.debug_weaknames)

.debug_funcnames
 *(.debug_funcnames)

.debug_typenames
 *(.debug_typenames)

.debug_varnames
 *(.debug_varnames)

.debug_pubtypes
 *(.debug_pubtypes)

.debug_ranges   0x00000000      0x470
 *(.debug_ranges)
 .debug_ranges  0x00000000       0x18 button.o
 .debug_ranges  0x00000018       0xc8 cgoled.o
 .debug_ranges  0x000000e0       0xd8 cgrf.o
 .debug_ranges  0x000001b8       0x38 display.o
 .debug_ranges  0x000001f0       0x20 led.o
 .debug_ranges  0x00000210       0x50 main.o
 .debug_ranges  0x00000260      0x210 nrf24l01.o

.debug_macro
 *(.debug_macro)
OUTPUT(cgwireless.elf elf32-avr)
LOAD linker stubs
